// Jest Snapshot v1, https://goo.gl/fbAQLP

exports[`match snapshot 1`] = `
<div>
  <div
    data-testid="home"
  >
    <br />
    <input
      accept="image/*"
      data-testid="inputFile"
      id="contained-button-file"
      multiple=""
      type="file"
    />
  </div>
</div>
`;
